------------------------------------------------------------
Timing Analyzer Summary
------------------------------------------------------------

Type  : Slow 1100mV 85C Model Setup 'clk'
Slack : -13.994
TNS   : -218.280

Type  : Slow 1100mV 85C Model Hold 'clk'
Slack : 0.344
TNS   : 0.000

Type  : Slow 1100mV 85C Model Minimum Pulse Width 'clk'
Slack : -0.394
TNS   : -45.608

Type  : Slow 1100mV 0C Model Setup 'clk'
Slack : -14.594
TNS   : -215.845

Type  : Slow 1100mV 0C Model Hold 'clk'
Slack : 0.334
TNS   : 0.000

Type  : Slow 1100mV 0C Model Minimum Pulse Width 'clk'
Slack : -0.394
TNS   : -48.943

Type  : Fast 1100mV 85C Model Setup 'clk'
Slack : -7.119
TNS   : -100.604

Type  : Fast 1100mV 85C Model Hold 'clk'
Slack : 0.197
TNS   : 0.000

Type  : Fast 1100mV 85C Model Minimum Pulse Width 'clk'
Slack : -0.093
TNS   : -7.531

Type  : Fast 1100mV 0C Model Setup 'clk'
Slack : -6.773
TNS   : -87.010

Type  : Fast 1100mV 0C Model Hold 'clk'
Slack : 0.185
TNS   : 0.000

Type  : Fast 1100mV 0C Model Minimum Pulse Width 'clk'
Slack : -0.091
TNS   : -7.399

------------------------------------------------------------
